// Jest Snapshot v1, https://goo.gl/fbAQLP

exports[`Component: <App /> Snapshot: Enzyme 1`] = `
<styled.div>
  <BrowserRouter>
    <Route
      component={[Function]}
      exact={true}
      path="/"
    />
  </BrowserRouter>
</styled.div>
`;
