// Jest Snapshot v1, https://goo.gl/fbAQLP

exports[`Component: <DonationPage /> Snapshot: Enzyme 1`] = `
<Route>
  <Component />
</Route>
`;
