// Jest Snapshot v1, https://goo.gl/fbAQLP

exports[`Component: <ButtonPrimary /> Snapshot: Enzyme 1`] = `
<styled.div>
  Button Test
</styled.div>
`;
